// Jest Snapshot v1, https://goo.gl/fbAQLP

exports[`Home component should renders correctly 1`] = `
<RCTScrollView>
  <View>
    <Text
      accessible={true}
      allowFontScaling={true}
      ellipsizeMode="tail"
      style={undefined}
    >
      Hello World
    </Text>
  </View>
</RCTScrollView>
`;
