// Jest Snapshot v1, https://goo.gl/fbAQLP

exports[`FormattedPlural should renders correctly 1`] = `
<Text
  accessible={true}
  allowFontScaling={true}
  ellipsizeMode="tail"
  style={undefined}
>
  <Text
    accessible={true}
    allowFontScaling={true}
    ellipsizeMode="tail"
  >
    Foo
  </Text>
</Text>
`;
